
- NASM Map file ---------------------------------------------------------------

Source file:  boot/loader.asm
Output file:  loader.bin

-- Program origin -------------------------------------------------------------

00007E00

-- Sections (summary) ---------------------------------------------------------

Vstart            Start             Stop              Length    Class     Name
            7E00              7E00              9200  00001400  progbits  .text

-- Sections (detailed) --------------------------------------------------------

---- Section .text ------------------------------------------------------------

class:     progbits
length:                1400
start:                 7E00
align:     not defined
follows:   not defined
vstart:                7E00
valign:    not defined
vfollows:  not defined

-- Symbols --------------------------------------------------------------------

---- No Section ---------------------------------------------------------------

Value     Name
0000000A  Loader.File.NumberOfBlocks
00000200  Kernel.File.NumberOfBlocks
00000014  UserProg.File.NumberOfBlocks
0000007F  BIOS.DiskExt.MaxBlocksPerOp
0000000D  CR
0000000A  LF
00007C00  MBR.Mem.Stack.Top
00007E00  Loader.Mem.Stack.Top
00010000  Paging.Start.Address
00010000  Mem.PML4.Address
00011000  Mem.PDPE.Address
00012000  Mem.PDE.Address
00013000  Mem.PTE.Address
00018000  Paging.End.Address
00009200  Loader.Kernel.Start.Address
00200000  Kernel.New.Start.Address
00000018  GDT32.Table.Size
00000018  GDT64.Table.Size
00000000  BIOS.Drive.Id
00000140  GRAPHICS_MODE_13_SCREEN_WIDTH
0000A000  GRAPHICS_MODE_13_FRAMEBUFFER_ADDRESS
000B8000  PM.Video_Text.Addr
00000007  PM.Video_Text.Colour
00000008  IDT32.Table.Size
00000003  pm_setup_page_tables.StdBits
000A0000  FRAMEBUFFER_ADDRESS_MODE_13
00000140  MODE_13_SCREEN_WIDTH
000000C8  MODE_13_SCREEN_HEIGHT
000B8000  LM.Video_Text.Addr
0000000A  LM.Video_Text.Colour


---- Section .text ------------------------------------------------------------

Real              Virtual           Name
            7E03              7E03  LOG_PREFIX
            7E13              7E13  GDT32.Table
            7E2B              7E2B  GDT32.Table.Pointer
            7E31              7E31  GDT64.Table
            7E49              7E49  GDT64.Table.Pointer
            7E4F              7E4F  Realmode.FirstStage.Booting.Msg
            7E71              7E71  Realmode.BIOSDiskExtensionPresent.Msg
            7E92              7E92  Realmode.BIOSDiskExtensionNotPresent.Msg
            7EC3              7EC3  Realmode.BIOSDiskExtensionLoadingError.Msg
            7EF8              7EF8  BIOSDAPReadPacket
            7F08              7F08  bios_check_extensions_present
            7F1C              7F1C  bios_check_extensions_present.not_found
            7F24              7F24  bios_check_extensions_present.found
            7F2C              7F2C  bios_extended_read_sectors_from_drive
            7F62              7F62  bios_extended_read_sectors_from_drive.error
            7F6A              7F6A  display_string
            7F78              7F78  display_string_internal
            7F7E              7F7E  display_string_internal.loop
            7F87              7F87  display_string_internal.done
            7F89              7F89  endless_loop
            7F8A              7F8A  endless_loop.end
            7F8D              7F8D  Realmode.SecondStage.Booting.Msg
            7FAB              7FAB  Realmode.SecondStage.A20Enabled.Msg
            7FC6              7FC6  Realmode.SecondStage.A20EnablingError.Msg
            7FEB              7FEB  Realmode.SecondStage.CPUIDNotSupported.Msg
            801A              801A  Realmode.SecondStage.64BitNotSupported.Msg
            8043              8043  Realmode.SecondStage.64BitSupported.Msg
            805E              805E  Realmode.SecondStage.LoadingGDT.Msg
            8087              8087  Realmode.SecondStage.EnteringPMode.Msg
            80AC              80AC  ProtectedMode.SecondStage.Booting.Msg
            80D2              80D2  enable_A20
            80D8              80D8  enable_A20.attempt1
            80E2              80E2  enable_A20.attempt2
            8118              8118  enable_A20.attempt2.wait1
            811F              811F  enable_A20.attempt2.wait2
            8126              8126  enable_A20.attempt3
            8133              8133  enable_A20.failed
            813C              813C  enable_A20.done
            8144              8144  test_A20
            8174              8174  test_A20.enabled
            8175              8175  test_A20.done
            8179              8179  HasCPUID
            819C              819C  HasCPUID.supported
            819D              819D  HasCPUID.done
            81A2              81A2  cpu_supports_64_bit_mode
            81D5              81D5  cpu_supports_64_bit_mode.error.noCPUID
            81DE              81DE  cpu_supports_64_bit_mode.error.no64BitMode
            81E7              81E7  enter_protected_mode
            81FC              81FC  switch_to_graphics_mode13
            8202              8202  draw_pixel
            8214              8214  draw_A
            8234              8234  next_row
            823C              823C  next_pixel
            8244              8244  skip_pixel
            8250              8250  print_passed_char
            8251              8251  print_passed_char.print_passed_char_loop
            825A              825A  vbe_info_block
            825A              825A  vbe_info_block.vbe_signature
            825E              825E  vbe_info_block.vbe_version
            8260              8260  vbe_info_block.oem_string_pointer
            8264              8264  vbe_info_block.capabilities
            8268              8268  vbe_info_block.video_mode_pointer
            826C              826C  vbe_info_block.total_memory
            826E              826E  vbe_info_block.oem_software_rev
            8270              8270  vbe_info_block.oem_vendor_name_pointer
            8274              8274  vbe_info_block.oem_product_name_pointer
            8278              8278  vbe_info_block.oem_product_revision_pointer
            827C              827C  vbe_info_block.reserved
            835A              835A  vbe_info_block.oem_data
            845A              845A  mode_info_block
            845A              845A  mode_info_block.mode_attributes
            845C              845C  mode_info_block.window_a_attributes
            845D              845D  mode_info_block.window_b_attributes
            845E              845E  mode_info_block.window_granularity
            8460              8460  mode_info_block.window_size
            8462              8462  mode_info_block.window_a_segment
            8464              8464  mode_info_block.window_b_segment
            8466              8466  mode_info_block.window_function_pointer
            846A              846A  mode_info_block.bytes_per_scanline
            846C              846C  mode_info_block.x_resolution
            846E              846E  mode_info_block.y_resolution
            8470              8470  mode_info_block.x_charsize
            8471              8471  mode_info_block.y_charsize
            8472              8472  mode_info_block.number_of_planes
            8473              8473  mode_info_block.bits_per_pixel
            8474              8474  mode_info_block.number_of_banks
            8475              8475  mode_info_block.memory_model
            8476              8476  mode_info_block.bank_size
            8477              8477  mode_info_block.number_of_image_pages
            8478              8478  mode_info_block.reserved1
            8479              8479  mode_info_block.red_mask_size
            847A              847A  mode_info_block.red_field_position
            847B              847B  mode_info_block.green_mask_size
            847C              847C  mode_info_block.green_field_position
            847D              847D  mode_info_block.blue_mask_size
            847E              847E  mode_info_block.blue_field_position
            847F              847F  mode_info_block.reserved_mask_size
            8480              8480  mode_info_block.reserved_field_position
            8481              8481  mode_info_block.direct_color_mode_info
            8482              8482  mode_info_block.physical_base_pointer
            8486              8486  mode_info_block.reserved2
            848A              848A  mode_info_block.reserved3
            848C              848C  mode_info_block.linear_bytes_per_scan_line
            848E              848E  mode_info_block.bank_number_of_image_pages
            848F              848F  mode_info_block.linear_number_of_image_pages
            8490              8490  mode_info_block.linear_red_mask_size
            8491              8491  mode_info_block.linear_red_field_position
            8492              8492  mode_info_block.linear_green_mask_size
            8493              8493  mode_info_block.linear_green_field_position
            8494              8494  mode_info_block.linear_blue_mask_size
            8495              8495  mode_info_block.linear_blue_field_position
            8496              8496  mode_info_block.linear_reserved_mask_size
            8497              8497  mode_info_block.linear_reserved_field_position
            8498              8498  mode_info_block.max_pixel_clock
            849C              849C  mode_info_block.reserved4
            855A              855A  width
            855C              855C  height
            855E              855E  bpp
            855F              855F  offset
            8561              8561  vbe_mode_list_segment
            8563              8563  mode
            8565              8565  print_newline
            8574              8574  print_string_16
            8576              8576  print_string_16.loop16
            857F              857F  print_string_16.done
            8580              8580  hexString
            8586              8586  hex_to_ascii
            8596              8596  print_hex
            8599              8599  print_hex.hex_loop
            85B4              85B4  print_hex.loop
            85BA              85BA  print_hex_word
            85BD              85BD  print_hex_word.next_nibble
            85D0              85D0  print_hex_word.print_digit
            85DA              85DA  font_table
            88D2              88D2  start
            88E1              88E1  boot
            891B              891B  boot.find_mode
            8999              8999  boot.next_mode
            89A5              89A5  error
            89AC              89AC  end_of_modes
            89CC              89CC  error_handler
            89D4              89D4  ProtectedMode.SecondStage.32IDTVec0.Msg
            89F8              89F8  ProtectedMode.SecondStage.CleanPages.Msg
            8A1C              8A1C  ProtectedMode.SecondStage.PagesBuilt.Msg
            8A4A              8A4A  cur_row
            8A4E              8A4E  cur_col
            8A52              8A52  screen_width
            8A56              8A56  IDT32.Table
            8A56              8A56  IDT32.Table.vec0
            8A5E              8A5E  IDT32.Table.Pointer
            8A68              8A68  pm_div0_int_handler
            8A6F              8A6F  pm_retrive_video_cursor_settings
            8A93              8A93  pm_display_string
            8AA7              8AA7  pm_display_string_internal
            8AB0              8AB0  pm_display_string_internal.loop
            8AC2              8AC2  pm_display_string_internal.print_char
            8AED              8AED  pm_display_string_internal.cr_lf
            8AF5              8AF5  pm_display_string_internal.break_line
            8B07              8B07  pm_display_string_internal.done
            8B0E              8B0E  pm_set_cursor
            8B36              8B36  pm_move_kernel
            8B51              8B51  pm_setup_page_tables
            8B52              8B52  pm_setup_page_tables.clean_memory
            8B63              8B63  pm_setup_page_tables.setup_tables
            8BB8              8BB8  pm_setup_page_tables.make_pte_page
            8BC6              8BC6  pm_enter_long_mode
            8BFF              8BFF  pm_endless_loop
            8C00              8C00  pm_endless_loop.end
            8C03              8C03  clear_screen
            8C12              8C12  print_string
            8C13              8C13  print_string.next_char
            8C28              8C28  print_string.done
            8C2A              8C2A  draw_pixel32
            8C3F              8C3F  draw_Char
            8C6A              8C6A  next_row32
            8C74              8C74  next_pixel32
            8C7D              8C7D  skip_pixel32
            8C8E              8C8E  generate_random
            8C95              8C95  fill_screen_with_random_colors
            8CA0              8CA0  fill_screen_with_random_colors.draw_loop
            8CAA              8CAA  string_to_print
            8CB2              8CB2  protected_mode_boot
            8D25              8D25  LongMode.SecondStage.Booting.Msg
            8D51              8D51  lm_display_string
            8D96              8D96  lm_display_string_internal
            8DB5              8DB5  lm_display_string_internal.loop
            8DC8              8DC8  lm_display_string_internal.print_char
            8DFB              8DFB  lm_display_string_internal.cr_lf
            8E04              8E04  lm_display_string_internal.break_line
            8E18              8E18  lm_display_string_internal.done
            8E35              8E35  lm_set_cursor
            8E63              8E63  lm_endless_loop
            8E64              8E64  lm_endless_loop.end
            8E67              8E67  long_mode_boot

