
- NASM Map file ---------------------------------------------------------------

Source file:  boot/stage1boot.asm
Output file:  stage1boot.bin

-- Program origin -------------------------------------------------------------

00007C00

-- Sections (summary) ---------------------------------------------------------

Vstart            Start             Stop              Length    Class     Name
            7C00              7C00              7E00  00000200  progbits  .text

-- Sections (detailed) --------------------------------------------------------

---- Section .text ------------------------------------------------------------

class:     progbits
length:                 200
start:                 7C00
align:     not defined
follows:   not defined
vstart:                7C00
valign:    not defined
vfollows:  not defined

-- Symbols --------------------------------------------------------------------

---- No Section ---------------------------------------------------------------

Value     Name
0000000A  Loader.File.NumberOfBlocks
00000200  Kernel.File.NumberOfBlocks
00000014  UserProg.File.NumberOfBlocks
0000007F  BIOS.DiskExt.MaxBlocksPerOp
0000000D  CR
0000000A  LF
00007C00  MBR.Mem.Stack.Top
00007E00  Loader.Mem.Stack.Top
00010000  Paging.Start.Address
00010000  Mem.PML4.Address
00011000  Mem.PDPE.Address
00012000  Mem.PDE.Address
00013000  Mem.PTE.Address
00018000  Paging.End.Address
00009200  Loader.Kernel.Start.Address
00200000  Kernel.New.Start.Address
00000000  BIOS.Drive.Id


---- Section .text ------------------------------------------------------------

Real              Virtual           Name
            7C03              7C03  LOG_PREFIX
            7C13              7C13  Realmode.FirstStage.Booting.Msg
            7C35              7C35  Realmode.BIOSDiskExtensionPresent.Msg
            7C56              7C56  Realmode.BIOSDiskExtensionNotPresent.Msg
            7C87              7C87  Realmode.BIOSDiskExtensionLoadingError.Msg
            7CBC              7CBC  BIOSDAPReadPacket
            7CCC              7CCC  bios_check_extensions_present
            7CE0              7CE0  bios_check_extensions_present.not_found
            7CE8              7CE8  bios_check_extensions_present.found
            7CF0              7CF0  bios_extended_read_sectors_from_drive
            7D26              7D26  bios_extended_read_sectors_from_drive.error
            7D2E              7D2E  display_string
            7D3C              7D3C  display_string_internal
            7D42              7D42  display_string_internal.loop
            7D4B              7D4B  display_string_internal.done
            7D4D              7D4D  endless_loop
            7D4E              7D4E  endless_loop.end
            7D51              7D51  start
            7D64              7D64  boot
            7DFE              7DFE  signature

